../Drivers/CMSIS/Include/core_cm4.h:1814:22:__NVIC_SetPriority	16	static
../Drivers/CMSIS/Include/core_cm4.h:2022:26:SysTick_Config	16	static
../Core/Src/main.c:63:6:SysTick_Handler	4	static
../Core/Src/main.c:69:6:SysTick_Delay	24	static
../Core/Src/main.c:81:5:main	32	static
../Core/Src/main.c:147:6:SystemClock_Config	88	static
../Core/Src/main.c:194:13:MX_I2C1_Init	8	static
../Core/Src/main.c:228:13:MX_GPIO_Init	40	static
../Core/Src/main.c:266:6:HAL_TIM_PeriodElapsedCallback	16	static
../Core/Src/main.c:284:6:Error_Handler	4	static,ignoring_inline_asm
